#
# There is insufficient memory for the Java Runtime Environment to continue.
# Native memory allocation (mmap) failed to map 106954752 bytes. Error detail: G1 virtual space
# Possible reasons:
#   The system is out of physical RAM or swap space
#   This process is running with CompressedOops enabled, and the Java Heap may be blocking the growth of the native heap
# Possible solutions:
#   Reduce memory load on the system
#   Increase physical memory or swap space
#   Check if swap backing store is full
#   Decrease Java heap size (-Xmx/-Xms)
#   Decrease number of Java threads
#   Decrease Java thread stack sizes (-Xss)
#   Set larger code cache with -XX:ReservedCodeCacheSize=
#   JVM is running with Zero Based Compressed Oops mode in which the Java heap is
#     placed in the first 32GB address space. The Java Heap base address is the
#     maximum limit for the native heap growth. Please use -XX:HeapBaseMinAddress
#     to set the Java Heap base and to place the Java Heap above 32GB virtual address.
# This output file may be truncated or incomplete.
#
#  Out of Memory Error (os_windows.cpp:3564), pid=17504, tid=14564
#
# JRE version: OpenJDK Runtime Environment (24.0.1+9) (build 24.0.1+9-30)
# Java VM: OpenJDK 64-Bit Server VM (24.0.1+9-30, mixed mode, emulated-client, sharing, tiered, compressed oops, compressed class ptrs, g1 gc, windows-amd64)
# No core dump will be written. Minidumps are not enabled by default on client versions of Windows
#

---------------  S U M M A R Y ------------

Command Line: -XX:TieredStopAtLevel=1 -Dspring.output.ansi.enabled=always -Dcom.sun.management.jmxremote -Dspring.jmx.enabled=true -Dspring.liveBeansView.mbeanDomain -Dspring.application.admin.enabled=true -Dmanagement.endpoints.jmx.exposure.include=* -javaagent:C:\Program Files\JetBrains\IntelliJ IDEA 2025.1.1.1\lib\idea_rt.jar=53804 -Dfile.encoding=UTF-8 -Dsun.stdout.encoding=UTF-8 -Dsun.stderr.encoding=UTF-8 com.ridelink.ridemanagementservice.RideManagementServiceApplication

Host: 13th Gen Intel(R) Core(TM) i7-13700H, 20 cores, 15G,  Windows 11 , 64 bit Build 26100 (10.0.26100.4484)
Time: Sun Oct  4 01:57:17 2026 Sri Lanka Standard Time elapsed time: 1.671816 seconds (0d 0h 0m 1s)

---------------  T H R E A D  ---------------

Current thread (0x000002222dbe0ed0):  VMThread "VM Thread"          [id=14564, stack(0x0000009bf7100000,0x0000009bf7200000) (1024K)]

Stack: [0x0000009bf7100000,0x0000009bf7200000]
Native frames: (J=compiled Java code, j=interpreted, Vv=VM code, C=native code)
V  [jvm.dll+0x730739]  (no source info available)
V  [jvm.dll+0x8d9b23]  (no source info available)
V  [jvm.dll+0x8dc00d]  (no source info available)
V  [jvm.dll+0x8dc683]  (no source info available)
V  [jvm.dll+0x2aa086]  (no source info available)
V  [jvm.dll+0x72cc65]  (no source info available)
V  [jvm.dll+0x72059a]  (no source info available)
V  [jvm.dll+0x390cea]  (no source info available)
V  [jvm.dll+0x3989f6]  (no source info available)
V  [jvm.dll+0x38523e]  (no source info available)
V  [jvm.dll+0x3854f8]  (no source info available)
V  [jvm.dll+0x35d0cc]  (no source info available)
V  [jvm.dll+0x35d15a]  (no source info available)
V  [jvm.dll+0x3aa702]  (no source info available)
V  [jvm.dll+0x3a8d82]  (no source info available)
V  [jvm.dll+0x35c897]  (no source info available)
V  [jvm.dll+0x3a8534]  (no source info available)
V  [jvm.dll+0x8e2742]  (no source info available)
V  [jvm.dll+0x8e3a8c]  (no source info available)
V  [jvm.dll+0x8e3ff8]  (no source info available)
V  [jvm.dll+0x8e4293]  (no source info available)
V  [jvm.dll+0x87d76b]  (no source info available)
V  [jvm.dll+0x72ee55]  (no source info available)
C  [ucrtbase.dll+0x37b0]  (no source info available)
C  [KERNEL32.DLL+0x2e8d7]  (no source info available)
C  [ntdll.dll+0x3c34c]  (no source info available)

VM_Operation (0x0000009bf6afdff0): G1CollectForAllocation, mode: safepoint, requested by thread 0x000002221c79bac0


---------------  P R O C E S S  ---------------

Threads class SMR info:
_java_thread_list=0x00000222781c3c00, length=22, elements={
0x000002221c79bac0, 0x000002222dbf0b20, 0x000002222dbf1260, 0x000002222dbf19a0,
0x000002222dbf3610, 0x000002222dbf4270, 0x000002222dbf5ee0, 0x000002222dbf6b40,
0x0000022272080d60, 0x00000222720c43e0, 0x000002222dc2b850, 0x00000222721c35c0,
0x000002227262f950, 0x0000022272630090, 0x000002227703c040, 0x00000222770857a0,
0x000002227707aa10, 0x000002227706f5a0, 0x000002227763a0f0, 0x0000022277819d30,
0x000002227775ef10, 0x0000022277833160
}

Java Threads: ( => current thread )
  0x000002221c79bac0 JavaThread "main"                              [_thread_blocked, id=3160, stack(0x0000009bf6a00000,0x0000009bf6b00000) (1024K)]
  0x000002222dbf0b20 JavaThread "Reference Handler"          daemon [_thread_blocked, id=9756, stack(0x0000009bf7200000,0x0000009bf7300000) (1024K)]
  0x000002222dbf1260 JavaThread "Finalizer"                  daemon [_thread_blocked, id=13500, stack(0x0000009bf7300000,0x0000009bf7400000) (1024K)]
  0x000002222dbf19a0 JavaThread "Signal Dispatcher"          daemon [_thread_blocked, id=10604, stack(0x0000009bf7400000,0x0000009bf7500000) (1024K)]
  0x000002222dbf3610 JavaThread "Attach Listener"            daemon [_thread_blocked, id=30944, stack(0x0000009bf7500000,0x0000009bf7600000) (1024K)]
  0x000002222dbf4270 JavaThread "Service Thread"             daemon [_thread_blocked, id=1520, stack(0x0000009bf7600000,0x0000009bf7700000) (1024K)]
  0x000002222dbf5ee0 JavaThread "Monitor Deflation Thread"   daemon [_thread_blocked, id=12968, stack(0x0000009bf7700000,0x0000009bf7800000) (1024K)]
  0x000002222dbf6b40 JavaThread "C1 CompilerThread0"         daemon [_thread_blocked, id=28860, stack(0x0000009bf7800000,0x0000009bf7900000) (1024K)]
  0x0000022272080d60 JavaThread "C1 CompilerThread1"         daemon [_thread_blocked, id=13296, stack(0x0000009bf7900000,0x0000009bf7a00000) (1024K)]
  0x00000222720c43e0 JavaThread "C1 CompilerThread2"         daemon [_thread_blocked, id=8204, stack(0x0000009bf7a00000,0x0000009bf7b00000) (1024K)]
  0x000002222dc2b850 JavaThread "C1 CompilerThread3"         daemon [_thread_blocked, id=7116, stack(0x0000009bf7b00000,0x0000009bf7c00000) (1024K)]
  0x00000222721c35c0 JavaThread "Common-Cleaner"             daemon [_thread_blocked, id=36204, stack(0x0000009bf7c00000,0x0000009bf7d00000) (1024K)]
  0x000002227262f950 JavaThread "Monitor Ctrl-Break"         daemon [_thread_in_native, id=14008, stack(0x0000009bf7d00000,0x0000009bf7e00000) (1024K)]
  0x0000022272630090 JavaThread "Notification Thread"        daemon [_thread_blocked, id=15184, stack(0x0000009bf7e00000,0x0000009bf7f00000) (1024K)]
  0x000002227703c040 JavaThread "RMI TCP Accept-0"           daemon [_thread_in_native, id=35716, stack(0x0000009bf7f00000,0x0000009bf8000000) (1024K)]
  0x00000222770857a0 JavaThread "RMI TCP Connection(1)-192.168.8.101" daemon [_thread_in_native, id=27368, stack(0x0000009bf8000000,0x0000009bf8100000) (1024K)]
  0x000002227707aa10 JavaThread "RMI Scheduler(0)"           daemon [_thread_blocked, id=15468, stack(0x0000009bf8100000,0x0000009bf8200000) (1024K)]
  0x000002227706f5a0 JavaThread "JMX server connection timeout 40" daemon [_thread_blocked, id=13336, stack(0x0000009bf8200000,0x0000009bf8300000) (1024K)]
  0x000002227763a0f0 JavaThread "C1 CompilerThread4"         daemon [_thread_blocked, id=17920, stack(0x0000009bf8c00000,0x0000009bf8d00000) (1024K)]
  0x0000022277819d30 JavaThread "C1 CompilerThread5"         daemon [_thread_blocked, id=31836, stack(0x0000009bf8d00000,0x0000009bf8e00000) (1024K)]
  0x000002227775ef10 JavaThread "C1 CompilerThread6"         daemon [_thread_blocked, id=14136, stack(0x0000009bf8e00000,0x0000009bf8f00000) (1024K)]
  0x0000022277833160 JavaThread "C1 CompilerThread7"         daemon [_thread_blocked, id=21328, stack(0x0000009bf8f00000,0x0000009bf9000000) (1024K)]
Total: 22

Other Threads:
=>0x000002222dbe0ed0 VMThread "VM Thread"                           [id=14564, stack(0x0000009bf7100000,0x0000009bf7200000) (1024K)]
  0x000002221c78f900 WatcherThread "VM Periodic Task Thread"        [id=18488, stack(0x0000009bf7000000,0x0000009bf7100000) (1024K)]
  0x000002221c802a00 WorkerThread "GC Thread#0"                     [id=36212, stack(0x0000009bf6b00000,0x0000009bf6c00000) (1024K)]
  0x0000022277303830 WorkerThread "GC Thread#1"                     [id=6216, stack(0x0000009bf8300000,0x0000009bf8400000) (1024K)]
  0x0000022277300bf0 WorkerThread "GC Thread#2"                     [id=11080, stack(0x0000009bf8400000,0x0000009bf8500000) (1024K)]
  0x00000222773030d0 WorkerThread "GC Thread#3"                     [id=21444, stack(0x0000009bf8500000,0x0000009bf8600000) (1024K)]
  0x00000222772ffd30 WorkerThread "GC Thread#4"                     [id=29372, stack(0x0000009bf8600000,0x0000009bf8700000) (1024K)]
  0x0000022277302d20 WorkerThread "GC Thread#5"                     [id=18928, stack(0x0000009bf8700000,0x0000009bf8800000) (1024K)]
  0x0000022277301700 WorkerThread "GC Thread#6"                     [id=15340, stack(0x0000009bf8800000,0x0000009bf8900000) (1024K)]
  0x00000222773000e0 WorkerThread "GC Thread#7"                     [id=4560, stack(0x0000009bf8900000,0x0000009bf8a00000) (1024K)]
  0x0000022277301ab0 WorkerThread "GC Thread#8"                     [id=16776, stack(0x0000009bf8a00000,0x0000009bf8b00000) (1024K)]
  0x0000022277303480 WorkerThread "GC Thread#9"                     [id=32780, stack(0x0000009bf9000000,0x0000009bf9100000) (1024K)]
  0x000002227781fdb0 WorkerThread "GC Thread#10"                    [id=4956, stack(0x0000009bf9100000,0x0000009bf9200000) (1024K)]
  0x0000022277820160 WorkerThread "GC Thread#11"                    [id=17300, stack(0x0000009bf9500000,0x0000009bf9600000) (1024K)]
  0x0000022277822290 WorkerThread "GC Thread#12"                    [id=34560, stack(0x0000009bf9600000,0x0000009bf9700000) (1024K)]
  0x0000022277820510 WorkerThread "GC Thread#13"                    [id=16376, stack(0x0000009bf9700000,0x0000009bf9800000) (1024K)]
  0x0000022277821780 WorkerThread "GC Thread#14"                    [id=36304, stack(0x0000009bf9800000,0x0000009bf9900000) (1024K)]
  0x000002221c811420 ConcurrentGCThread "G1 Main Marker"            [id=31380, stack(0x0000009bf6c00000,0x0000009bf6d00000) (1024K)]
  0x000002222da737c0 WorkerThread "G1 Conc#0"                       [id=30276, stack(0x0000009bf6d00000,0x0000009bf6e00000) (1024K)]
  0x0000022277821b30 WorkerThread "G1 Conc#1"                       [id=12488, stack(0x0000009bf9200000,0x0000009bf9300000) (1024K)]
  0x0000022277821020 WorkerThread "G1 Conc#2"                       [id=13192, stack(0x0000009bf9300000,0x0000009bf9400000) (1024K)]
  0x0000022277820c70 WorkerThread "G1 Conc#3"                       [id=15992, stack(0x0000009bf9400000,0x0000009bf9500000) (1024K)]
  0x000002222db00cd0 ConcurrentGCThread "G1 Refine#0"               [id=15028, stack(0x0000009bf6e00000,0x0000009bf6f00000) (1024K)]
  0x000002222db01600 ConcurrentGCThread "G1 Service"                [id=30540, stack(0x0000009bf6f00000,0x0000009bf7000000) (1024K)]
Total: 24

Threads with active compile tasks:
Total: 0

VM state: at safepoint (normal execution)

VM Mutex/Monitor currently owned by a thread:  ([mutex/lock_event])
[0x00007ffbd57244b0] Threads_lock - owner thread: 0x000002222dbe0ed0
[0x00007ffbd57245b0] Heap_lock - owner thread: 0x000002221c79bac0

Heap address: 0x0000000705800000, size: 4008 MB, Compressed Oops mode: Zero based, Oop shift amount: 3

CDS archive(s) mapped at: [0x0000022231000000-0x0000022231d40000-0x0000022231d40000), size 13893632, SharedBaseAddress: 0x0000022231000000, ArchiveRelocationMode: 1.
Compressed class space mapped at: 0x0000022232000000-0x0000022272000000, reserved size: 1073741824
UseCompressedClassPointers 1, UseCompactObjectHeaders 0
Narrow klass pointer bits 32, Max shift 3
Narrow klass base: 0x0000022231000000, Narrow klass shift: 0
Encoding Range: [0x0000022231000000 - 0x0000022331000000), (4294967296 bytes)
Klass Range:    [0x0000022231000000 - 0x0000022272000000), (1090519040 bytes)
Klass ID Range:  [8 - 1090519033) (1090519025)

GC Precious Log:
 CardTable entry size: 512
 Card Set container configuration: InlinePtr #cards 4 size 8 Array Of Cards #cards 16 size 48 Howl #buckets 8 coarsen threshold 3686 Howl Bitmap #cards 512 size 80 coarsen threshold 460 Card regions per heap region 1 cards per card region 4096
 CPUs: 20 total, 20 available
 Memory: 16024M
 Large Page Support: Disabled
 NUMA Support: Disabled
 Compressed Oops: Enabled (Zero based)
 Heap Region Size: 2M
 Heap Min Capacity: 8M
 Heap Initial Capacity: 252M
 Heap Max Capacity: 4008M
 Pre-touch: Disabled
 Parallel Workers: 15
 Concurrent Workers: 4
 Concurrent Refinement Workers: 15
 Periodic GC: Disabled

Heap:
 garbage-first heap   total reserved 4104192K, committed 51200K, used 18541K [0x0000000705800000, 0x0000000800000000)
  region size 2048K, 2 young (4096K), 2 survivors (4096K)
 Metaspace       used 32926K, committed 33344K, reserved 1114112K
  class space    used 3538K, committed 3712K, reserved 1048576K

Heap Regions: E=young(eden), S=young(survivor), O=old, HS=humongous(starts), HC=humongous(continues), CS=collection set, F=free, TAMS=top-at-mark-start, PB=parsable bottom
|   0|0x0000000705800000, 0x000000070588f8b0, 0x0000000705a00000| 28%| O|  |TAMS 0x0000000705800000| PB 0x0000000705800000| Untracked |  0
|   1|0x0000000705a00000, 0x0000000705c00000, 0x0000000705c00000|100%| O|  |TAMS 0x0000000705a00000| PB 0x0000000705a00000| Untracked |  0
|   2|0x0000000705c00000, 0x0000000705e00000, 0x0000000705e00000|100%| O|  |TAMS 0x0000000705c00000| PB 0x0000000705c00000| Untracked |  0
|   3|0x0000000705e00000, 0x0000000706000000, 0x0000000706000000|100%| O|  |TAMS 0x0000000705e00000| PB 0x0000000705e00000| Untracked |  0
|   4|0x0000000706000000, 0x0000000706200000, 0x0000000706200000|100%| O|  |TAMS 0x0000000706000000| PB 0x0000000706000000| Untracked |  0
|   5|0x0000000706200000, 0x0000000706400000, 0x0000000706400000|100%| O|  |TAMS 0x0000000706200000| PB 0x0000000706200000| Untracked |  0
|   6|0x0000000706400000, 0x0000000706600000, 0x0000000706600000|100%| O|  |TAMS 0x0000000706400000| PB 0x0000000706400000| Untracked |  0
|   7|0x0000000706600000, 0x0000000706800000, 0x0000000706800000|100%| O|  |TAMS 0x0000000706600000| PB 0x0000000706600000| Untracked |  0
|   8|0x0000000706800000, 0x0000000706800000, 0x0000000706a00000|  0%| F|  |TAMS 0x0000000706800000| PB 0x0000000706800000| Untracked |  0
|   9|0x0000000706a00000, 0x0000000706a00000, 0x0000000706c00000|  0%| F|  |TAMS 0x0000000706a00000| PB 0x0000000706a00000| Untracked |  0
|  10|0x0000000706c00000, 0x0000000706c00000, 0x0000000706e00000|  0%| F|  |TAMS 0x0000000706c00000| PB 0x0000000706c00000| Untracked |  0
|  11|0x0000000706e00000, 0x0000000706f8bbe0, 0x0000000707000000| 77%| S|CS|TAMS 0x0000000706e00000| PB 0x0000000706e00000| Complete |  0
|  12|0x0000000707000000, 0x0000000707200000, 0x0000000707200000|100%| S|CS|TAMS 0x0000000707000000| PB 0x0000000707000000| Complete |  0
|  13|0x0000000707200000, 0x0000000707200000, 0x0000000707400000|  0%| F|  |TAMS 0x0000000707200000| PB 0x0000000707200000| Untracked |  0
|  14|0x0000000707400000, 0x0000000707400000, 0x0000000707600000|  0%| F|  |TAMS 0x0000000707400000| PB 0x0000000707400000| Untracked |  0
|  15|0x0000000707600000, 0x0000000707600000, 0x0000000707800000|  0%| F|  |TAMS 0x0000000707600000| PB 0x0000000707600000| Untracked |  0
|  16|0x0000000707800000, 0x0000000707800000, 0x0000000707a00000|  0%| F|  |TAMS 0x0000000707800000| PB 0x0000000707800000| Untracked |  0
|  17|0x0000000707a00000, 0x0000000707a00000, 0x0000000707c00000|  0%| F|  |TAMS 0x0000000707a00000| PB 0x0000000707a00000| Untracked |  0
|  18|0x0000000707c00000, 0x0000000707c00000, 0x0000000707e00000|  0%| F|  |TAMS 0x0000000707c00000| PB 0x0000000707c00000| Untracked |  0
| 115|0x0000000713e00000, 0x0000000713e00000, 0x0000000714000000|  0%| F|  |TAMS 0x0000000713e00000| PB 0x0000000713e00000| Untracked |  0
| 116|0x0000000714000000, 0x0000000714000000, 0x0000000714200000|  0%| F|  |TAMS 0x0000000714000000| PB 0x0000000714000000| Untracked |  0
| 117|0x0000000714200000, 0x0000000714200000, 0x0000000714400000|  0%| F|  |TAMS 0x0000000714200000| PB 0x0000000714200000| Untracked |  0
| 118|0x0000000714400000, 0x0000000714400000, 0x0000000714600000|  0%| F|  |TAMS 0x0000000714400000| PB 0x0000000714400000| Untracked |  0
| 125|0x0000000715200000, 0x0000000715200000, 0x0000000715400000|  0%| F|  |TAMS 0x0000000715200000| PB 0x0000000715200000| Untracked |  0
|2003|0x00000007ffe00000, 0x00000007ffe00000, 0x0000000800000000|  0%| F|  |TAMS 0x00000007ffe00000| PB 0x00000007ffe00000| Untracked |  0

Card table byte_map: [0x00000222292b0000,0x0000022229a90000] _byte_map_base: 0x0000022225a84000

Marking Bits: (CMBitMap*) 0x000002221c803020
 Bits: [0x0000022229a90000, 0x000002222d930000)

Polling page: 0x000002221a5e0000

Metaspace:

Usage:
  Non-class:     28.70 MB used.
      Class:      3.46 MB used.
       Both:     32.16 MB used.

Virtual space:
  Non-class space:       64.00 MB reserved,      28.94 MB ( 45%) committed,  1 nodes.
      Class space:        1.00 GB reserved,       3.62 MB ( <1%) committed,  1 nodes.
             Both:        1.06 GB reserved,      32.56 MB (  3%) committed. 

Chunk freelists:
   Non-Class:  2.73 MB
       Class:  12.36 MB
        Both:  15.09 MB

MaxMetaspaceSize: unlimited
CompressedClassSpaceSize: 1.00 GB
Initial GC threshold: 21.00 MB
Current GC threshold: 41.25 MB
CDS: on
 - commit_granule_bytes: 65536.
 - commit_granule_words: 8192.
 - virtual_space_node_default_size: 8388608.
 - enlarge_chunks_in_place: 1.
UseCompressedClassPointers 1, UseCompactObjectHeaders 0
Narrow klass pointer bits 32, Max shift 3
Narrow klass base: 0x0000022231000000, Narrow klass shift: 0
Encoding Range: [0x0000022231000000 - 0x0000022331000000), (4294967296 bytes)
Klass Range:    [0x0000022231000000 - 0x0000022272000000), (1090519040 bytes)
Klass ID Range:  [8 - 1090519033) (1090519025)


Internal statistics:

num_allocs_failed_limit: 6.
num_arena_births: 378.
num_arena_deaths: 0.
num_vsnodes_births: 2.
num_vsnodes_deaths: 0.
num_space_committed: 521.
num_space_uncommitted: 0.
num_chunks_returned_to_freelist: 6.
num_chunks_taken_from_freelist: 1367.
num_chunk_merges: 6.
num_chunk_splits: 1035.
num_chunks_enlarged: 828.
num_inconsistent_stats: 0.

CodeCache: size=49152Kb used=10317Kb max_used=10317Kb free=38834Kb
 bounds [0x0000022225020000, 0x0000022225a40000, 0x0000022228020000]
 total_blobs=4787, nmethods=4229, adapters=477, full_count=0
Compilation: enabled, stopped_count=0, restarted_count=0

Compilation events (20 events):
Event: 1.645 Thread 0x000002227775ef10 nmethod 4251 0x0000022225a2de08 code [0x0000022225a2df20, 0x0000022225a2e030]
Event: 1.645 Thread 0x0000022277833160 nmethod 4250 0x0000022225a2e108 code [0x0000022225a2e360, 0x0000022225a2ecc8]
Event: 1.645 Thread 0x000002227763a0f0 4252       1       org.springframework.beans.factory.support.AbstractBeanFactory::isTypeMatch (776 bytes)
Event: 1.647 Thread 0x000002227763a0f0 nmethod 4252 0x0000022225a2ed08 code [0x0000022225a2f240, 0x0000022225a31360]
Event: 1.649 Thread 0x000002222dbf6b40 4253       1       org.springframework.boot.context.properties.source.SpringConfigurationPropertySources::isUsingSources (14 bytes)
Event: 1.649 Thread 0x000002222dbf6b40 nmethod 4253 0x0000022225a31508 code [0x0000022225a31600, 0x0000022225a316e0]
Event: 1.652 Thread 0x000002227763a0f0 4254       1       org.springframework.boot.context.properties.source.ConfigurationPropertySourcesPropertyResolver::getAttached (54 bytes)
Event: 1.652 Thread 0x000002227763a0f0 nmethod 4254 0x0000022225a31808 code [0x0000022225a31940, 0x0000022225a31bf8]
Event: 1.654 Thread 0x000002222dbf6b40 4255       1       org.springframework.context.annotation.ScopeMetadata::getScopeName (5 bytes)
Event: 1.654 Thread 0x000002222dbf6b40 nmethod 4255 0x0000022225a31c88 code [0x0000022225a31d80, 0x0000022225a31e48]
Event: 1.654 Thread 0x000002227775ef10 4256       1       org.springframework.context.annotation.ScopeMetadata::getScopedProxyMode (5 bytes)
Event: 1.655 Thread 0x000002227775ef10 nmethod 4256 0x0000022225a31f88 code [0x0000022225a32080, 0x0000022225a32148]
Event: 1.655 Thread 0x000002227763a0f0 4257       1       java.lang.Class::copyConstructors (38 bytes)
Event: 1.655 Thread 0x000002227763a0f0 nmethod 4257 0x0000022225a32288 code [0x0000022225a323e0, 0x0000022225a32740]
Event: 1.659 Thread 0x000002227775ef10 4258       1       java.lang.reflect.Proxy$ProxyBuilder::ensureAccess (45 bytes)
Event: 1.660 Thread 0x000002227775ef10 nmethod 4258 0x0000022225a32808 code [0x0000022225a32980, 0x0000022225a32cf8]
Event: 1.663 Thread 0x000002222dbf6b40 4259       1       org.springframework.beans.BeanMetadataAttributeAccessor::getAttribute (22 bytes)
Event: 1.663 Thread 0x000002222dc2b850 4260       1       org.springframework.core.AttributeAccessorSupport::getAttribute (17 bytes)
Event: 1.663 Thread 0x000002222dbf6b40 nmethod 4259 0x0000022225a32d88 code [0x0000022225a32ec0, 0x0000022225a330e8]
Event: 1.664 Thread 0x000002222dc2b850 nmethod 4260 0x0000022225a33188 code [0x0000022225a332c0, 0x0000022225a33468]

GC Heap History (15 events):
Event: 0.778 GC heap before
{Heap before GC invocations=0 (full 0):
 garbage-first heap   total reserved 4104192K, committed 260096K, used 48240K [0x0000000705800000, 0x0000000800000000)
  region size 2048K, 24 young (49152K), 0 survivors (0K)
 Metaspace       used 11188K, committed 11520K, reserved 1114112K
  class space    used 1224K, committed 1344K, reserved 1048576K
}
Event: 0.785 GC heap after
{Heap after GC invocations=1 (full 0):
 garbage-first heap   total reserved 4104192K, committed 260096K, used 8973K [0x0000000705800000, 0x0000000800000000)
  region size 2048K, 3 young (6144K), 3 survivors (6144K)
 Metaspace       used 11188K, committed 11520K, reserved 1114112K
  class space    used 1224K, committed 1344K, reserved 1048576K
}
Event: 0.880 GC heap before
{Heap before GC invocations=1 (full 0):
 garbage-first heap   total reserved 4104192K, committed 260096K, used 21261K [0x0000000705800000, 0x0000000800000000)
  region size 2048K, 10 young (20480K), 3 survivors (6144K)
 Metaspace       used 14512K, committed 14848K, reserved 1114112K
  class space    used 1588K, committed 1728K, reserved 1048576K
}
Event: 0.883 GC heap after
{Heap after GC invocations=2 (full 0):
 garbage-first heap   total reserved 4104192K, committed 260096K, used 10550K [0x0000000705800000, 0x0000000800000000)
  region size 2048K, 4 young (8192K), 4 survivors (8192K)
 Metaspace       used 14512K, committed 14848K, reserved 1114112K
  class space    used 1588K, committed 1728K, reserved 1048576K
}
Event: 1.082 GC heap before
{Heap before GC invocations=3 (full 0):
 garbage-first heap   total reserved 4104192K, committed 40960K, used 37174K [0x0000000705800000, 0x0000000800000000)
  region size 2048K, 18 young (36864K), 4 survivors (8192K)
 Metaspace       used 21444K, committed 21824K, reserved 1114112K
  class space    used 2309K, committed 2496K, reserved 1048576K
}
Event: 1.089 GC heap after
{Heap after GC invocations=4 (full 0):
 garbage-first heap   total reserved 4104192K, committed 51200K, used 12998K [0x0000000705800000, 0x0000000800000000)
  region size 2048K, 5 young (10240K), 5 survivors (10240K)
 Metaspace       used 21444K, committed 21824K, reserved 1114112K
  class space    used 2309K, committed 2496K, reserved 1048576K
}
Event: 1.172 GC heap before
{Heap before GC invocations=4 (full 0):
 garbage-first heap   total reserved 4104192K, committed 51200K, used 29382K [0x0000000705800000, 0x0000000800000000)
  region size 2048K, 14 young (28672K), 5 survivors (10240K)
 Metaspace       used 24580K, committed 24896K, reserved 1114112K
  class space    used 2529K, committed 2688K, reserved 1048576K
}
Event: 1.177 GC heap after
{Heap after GC invocations=5 (full 0):
 garbage-first heap   total reserved 4104192K, committed 51200K, used 14019K [0x0000000705800000, 0x0000000800000000)
  region size 2048K, 1 young (2048K), 1 survivors (2048K)
 Metaspace       used 24580K, committed 24896K, reserved 1114112K
  class space    used 2529K, committed 2688K, reserved 1048576K
}
Event: 1.185 GC heap before
{Heap before GC invocations=5 (full 0):
 garbage-first heap   total reserved 4104192K, committed 51200K, used 14019K [0x0000000705800000, 0x0000000800000000)
  region size 2048K, 2 young (4096K), 1 survivors (2048K)
 Metaspace       used 24864K, committed 25216K, reserved 1114112K
  class space    used 2557K, committed 2752K, reserved 1048576K
}
Event: 1.186 GC heap after
{Heap after GC invocations=6 (full 0):
 garbage-first heap   total reserved 4104192K, committed 51200K, used 13439K [0x0000000705800000, 0x0000000800000000)
  region size 2048K, 1 young (2048K), 1 survivors (2048K)
 Metaspace       used 24864K, committed 25216K, reserved 1114112K
  class space    used 2557K, committed 2752K, reserved 1048576K
}
Event: 1.312 GC heap before
{Heap before GC invocations=7 (full 0):
 garbage-first heap   total reserved 4104192K, committed 51200K, used 35967K [0x0000000705800000, 0x0000000800000000)
  region size 2048K, 12 young (24576K), 1 survivors (2048K)
 Metaspace       used 28117K, committed 28480K, reserved 1114112K
  class space    used 3014K, committed 3200K, reserved 1048576K
}
Event: 1.314 GC heap after
{Heap after GC invocations=8 (full 0):
 garbage-first heap   total reserved 4104192K, committed 51200K, used 15031K [0x0000000705800000, 0x0000000800000000)
  region size 2048K, 2 young (4096K), 2 survivors (4096K)
 Metaspace       used 28117K, committed 28480K, reserved 1114112K
  class space    used 3014K, committed 3200K, reserved 1048576K
}
Event: 1.444 GC heap before
{Heap before GC invocations=8 (full 0):
 garbage-first heap   total reserved 4104192K, committed 51200K, used 37559K [0x0000000705800000, 0x0000000800000000)
  region size 2048K, 13 young (26624K), 2 survivors (4096K)
 Metaspace       used 29935K, committed 30272K, reserved 1114112K
  class space    used 3200K, committed 3328K, reserved 1048576K
}
Event: 1.447 GC heap after
{Heap after GC invocations=9 (full 0):
 garbage-first heap   total reserved 4104192K, committed 51200K, used 16273K [0x0000000705800000, 0x0000000800000000)
  region size 2048K, 2 young (4096K), 2 survivors (4096K)
 Metaspace       used 29935K, committed 30272K, reserved 1114112K
  class space    used 3200K, committed 3328K, reserved 1048576K
}
Event: 1.665 GC heap before
{Heap before GC invocations=9 (full 0):
 garbage-first heap   total reserved 4104192K, committed 51200K, used 38801K [0x0000000705800000, 0x0000000800000000)
  region size 2048K, 13 young (26624K), 2 survivors (4096K)
 Metaspace       used 32926K, committed 33344K, reserved 1114112K
  class space    used 3538K, committed 3712K, reserved 1048576K
}

Dll operation events (11 events):
Event: 0.012 Loaded shared library C:\Users\Poojani\.jdks\openjdk-24.0.1\bin\java.dll
Event: 0.135 Loaded shared library C:\Users\Poojani\.jdks\openjdk-24.0.1\bin\zip.dll
Event: 0.139 Loaded shared library C:\Users\Poojani\.jdks\openjdk-24.0.1\bin\instrument.dll
Event: 0.144 Loaded shared library C:\Users\Poojani\.jdks\openjdk-24.0.1\bin\net.dll
Event: 0.146 Loaded shared library C:\Users\Poojani\.jdks\openjdk-24.0.1\bin\nio.dll
Event: 0.148 Loaded shared library C:\Users\Poojani\.jdks\openjdk-24.0.1\bin\zip.dll
Event: 0.197 Loaded shared library C:\Users\Poojani\.jdks\openjdk-24.0.1\bin\jimage.dll
Event: 0.225 Loaded shared library C:\Users\Poojani\.jdks\openjdk-24.0.1\bin\extnet.dll
Event: 0.235 Loaded shared library C:\Users\Poojani\.jdks\openjdk-24.0.1\bin\management.dll
Event: 0.240 Loaded shared library C:\Users\Poojani\.jdks\openjdk-24.0.1\bin\management_ext.dll
Event: 0.991 Loaded shared library C:\Users\Poojani\.jdks\openjdk-24.0.1\bin\sunmscapi.dll

Deoptimization events (0 events):
No events

Classes loaded (20 events):
Event: 1.343 Loading class sun/reflect/annotation/AnnotatedTypeFactory
Event: 1.343 Loading class sun/reflect/annotation/AnnotatedTypeFactory done
Event: 1.343 Loading class sun/reflect/annotation/AnnotatedTypeFactory$AnnotatedTypeBaseImpl
Event: 1.343 Loading class sun/reflect/annotation/AnnotatedTypeFactory$AnnotatedTypeBaseImpl done
Event: 1.343 Loading class java/lang/reflect/AnnotatedParameterizedType
Event: 1.343 Loading class java/lang/reflect/AnnotatedParameterizedType done
Event: 1.343 Loading class java/lang/reflect/AnnotatedArrayType
Event: 1.343 Loading class java/lang/reflect/AnnotatedArrayType done
Event: 1.347 Loading class jdk/internal/vm/annotation/IntrinsicCandidate
Event: 1.347 Loading class jdk/internal/vm/annotation/IntrinsicCandidate done
Event: 1.350 Loading class sun/reflect/annotation/AnnotatedTypeFactory$AnnotatedParameterizedTypeImpl
Event: 1.350 Loading class sun/reflect/annotation/AnnotatedTypeFactory$AnnotatedParameterizedTypeImpl done
Event: 1.350 Loading class sun/reflect/annotation/AnnotatedTypeFactory$AnnotatedWildcardTypeImpl
Event: 1.350 Loading class java/lang/reflect/AnnotatedWildcardType
Event: 1.350 Loading class java/lang/reflect/AnnotatedWildcardType done
Event: 1.350 Loading class sun/reflect/annotation/AnnotatedTypeFactory$AnnotatedWildcardTypeImpl done
Event: 1.639 Loading class java/util/stream/ReferencePipeline$15
Event: 1.640 Loading class java/util/stream/ReferencePipeline$15 done
Event: 1.640 Loading class java/util/stream/ReferencePipeline$15$1
Event: 1.640 Loading class java/util/stream/ReferencePipeline$15$1 done

Classes unloaded (0 events):
No events

Classes redefined (0 events):
No events

Internal exceptions (20 events):
Event: 0.757 Thread 0x000002221c79bac0 Exception <a 'java/lang/NoSuchMethodError'{0x0000000712470cc0}: 'java.lang.Object java.lang.invoke.Invokers$Holder.linkToTargetMethod(java.lang.Object, java.lang.Object, int, java.lang.Object, java.lang.Object)'> (0x0000000712470cc0) 
thrown [s\open\src\hotspot\share\interpreter\linkResolver.cpp, line 805]
Event: 0.757 Thread 0x000002221c79bac0 Exception <a 'java/lang/NoSuchMethodError'{0x000000071248c498}: 'java.lang.Object java.lang.invoke.DirectMethodHandle$Holder.newInvokeSpecial(java.lang.Object, int, java.lang.Object)'> (0x000000071248c498) 
thrown [s\open\src\hotspot\share\interpreter\linkResolver.cpp, line 805]
Event: 0.758 Thread 0x000002221c79bac0 Exception <a 'java/lang/NoSuchMethodError'{0x0000000712494d20}: 'int java.lang.invoke.DirectMethodHandle$Holder.invokeSpecialIFC(java.lang.Object, java.lang.Object, java.lang.Object, java.lang.Object)'> (0x0000000712494d20) 
thrown [s\open\src\hotspot\share\interpreter\linkResolver.cpp, line 805]
Event: 0.769 Thread 0x000002221c79bac0 Exception <a 'java/lang/NoSuchMethodError'{0x000000071257a2a0}: 'void java.lang.invoke.DirectMethodHandle$Holder.invokeInterface(java.lang.Object, java.lang.Object, java.lang.Object)'> (0x000000071257a2a0) 
thrown [s\open\src\hotspot\share\interpreter\linkResolver.cpp, line 805]
Event: 0.778 Thread 0x000002221c79bac0 Exception <a 'java/lang/NoSuchMethodError'{0x00000007125fc110}: 'java.lang.Object java.lang.invoke.DirectMethodHandle$Holder.invokeVirtual(java.lang.Object, java.lang.Object, java.lang.Object)'> (0x00000007125fc110) 
thrown [s\open\src\hotspot\share\interpreter\linkResolver.cpp, line 805]
Event: 0.796 Thread 0x000002221c79bac0 Exception <a 'java/lang/NoSuchMethodError'{0x00000007152d0480}: 'void java.lang.invoke.DirectMethodHandle$Holder.invokeStatic(java.lang.Object, java.lang.Object, int)'> (0x00000007152d0480) 
thrown [s\open\src\hotspot\share\interpreter\linkResolver.cpp, line 805]
Event: 0.798 Thread 0x000002221c79bac0 Exception <a 'java/lang/NoSuchMethodError'{0x00000007152f06a0}: 'void java.lang.invoke.DirectMethodHandle$Holder.invokeStaticInit(java.lang.Object, java.lang.Object, java.lang.Object)'> (0x00000007152f06a0) 
thrown [s\open\src\hotspot\share\interpreter\linkResolver.cpp, line 805]
Event: 0.812 Thread 0x000002221c79bac0 Exception <a 'java/lang/NoSuchMethodError'{0x00000007153fc488}: 'void java.lang.invoke.DirectMethodHandle$Holder.invokeVirtual(java.lang.Object, java.lang.Object, java.lang.Object, java.lang.Object)'> (0x00000007153fc488) 
thrown [s\open\src\hotspot\share\interpreter\linkResolver.cpp, line 805]
Event: 0.848 Thread 0x000002221c79bac0 Exception <a 'java/lang/IncompatibleClassChangeError'{0x0000000714cd85d8}: Found class java.lang.Object, but interface was expected> (0x0000000714cd85d8) 
thrown [s\open\src\hotspot\share\interpreter\linkResolver.cpp, line 872]
Event: 0.947 Thread 0x00000222775139e0 Exception <a 'java/lang/NoSuchMethodError'{0x0000000706833330}: 'long java.lang.invoke.DirectMethodHandle$Holder.invokeStatic(java.lang.Object, java.lang.Object)'> (0x0000000706833330) 
thrown [s\open\src\hotspot\share\interpreter\linkResolver.cpp, line 805]
Event: 0.947 Thread 0x00000222775139e0 Exception <a 'java/lang/NoSuchMethodError'{0x000000070683b0a0}: 'long java.lang.invoke.DirectMethodHandle$Holder.invokeStaticInit(java.lang.Object, java.lang.Object)'> (0x000000070683b0a0) 
thrown [s\open\src\hotspot\share\interpreter\linkResolver.cpp, line 805]
Event: 0.948 Thread 0x00000222775139e0 Exception <a 'java/lang/NoSuchMethodError'{0x0000000706860768}: 'long java.lang.invoke.DirectMethodHandle$Holder.invokeInterface(java.lang.Object, java.lang.Object)'> (0x0000000706860768) 
thrown [s\open\src\hotspot\share\interpreter\linkResolver.cpp, line 805]
Event: 0.948 Thread 0x00000222775139e0 Exception <a 'java/lang/IncompatibleClassChangeError'{0x00000007068683e8}: Found class java.lang.Object, but interface was expected> (0x00000007068683e8) 
thrown [s\open\src\hotspot\share\interpreter\linkResolver.cpp, line 872]
Event: 0.993 Thread 0x000002221c79bac0 Exception <a 'java/lang/NoSuchMethodError'{0x00000007065d7e20}: 'int java.lang.invoke.DirectMethodHandle$Holder.invokeSpecial(java.lang.Object, java.lang.Object, java.lang.Object, java.lang.Object, java.lang.Object)'> (0x00000007065d7e20) 
thrown [s\open\src\hotspot\share\interpreter\linkResolver.cpp, line 805]
Event: 0.994 Thread 0x000002221c79bac0 Exception <a 'java/lang/NoSuchMethodError'{0x00000007065e9930}: 'void java.lang.invoke.DirectMethodHandle$Holder.invokeVirtual(java.lang.Object, java.lang.Object)'> (0x00000007065e9930) 
thrown [s\open\src\hotspot\share\interpreter\linkResolver.cpp, line 805]
Event: 1.129 Thread 0x00000222770857a0 Exception <a 'java/lang/NoSuchMethodError'{0x00000007143da0d0}: 'long java.lang.invoke.DirectMethodHandle$Holder.invokeVirtual(java.lang.Object, java.lang.Object)'> (0x00000007143da0d0) 
thrown [s\open\src\hotspot\share\interpreter\linkResolver.cpp, line 805]
Event: 1.130 Thread 0x00000222770857a0 Exception <a 'java/lang/NoSuchMethodError'{0x00000007143ea380}: 'long java.lang.invoke.DelegatingMethodHandle$Holder.reinvoke_L(java.lang.Object, java.lang.Object)'> (0x00000007143ea380) 
thrown [s\open\src\hotspot\share\interpreter\linkResolver.cpp, line 805]
Event: 1.166 Thread 0x000002221c79bac0 Exception <a 'java/lang/IncompatibleClassChangeError'{0x0000000713efe968}: Found class java.lang.Object, but interface was expected> (0x0000000713efe968) 
thrown [s\open\src\hotspot\share\interpreter\linkResolver.cpp, line 872]
Event: 1.220 Thread 0x00000222775139e0 Exception <a 'java/lang/NoSuchMethodError'{0x000000071411ae68}: 'java.lang.Object java.lang.invoke.DirectMethodHandle$Holder.invokeVirtual(java.lang.Object, java.lang.Object, java.lang.Object, java.lang.Object)'> (0x000000071411ae68) 
thrown [s\open\src\hotspot\share\interpreter\linkResolver.cpp, line 805]
Event: 1.241 Thread 0x00000222770857a0 Exception <a 'java/lang/NoSuchMethodError'{0x0000000707c5dbd8}: static [Ljava/lang/StackTraceElement;.<clinit>()V> (0x0000000707c5dbd8) 
thrown [s\open\src\hotspot\share\prims\jni.cpp, line 1108]

VM Operations (20 events):
Event: 1.328 Executing VM operation: HandshakeAllThreads (Deoptimize) done
Event: 1.367 Executing VM operation: HandshakeAllThreads (Deoptimize)
Event: 1.367 Executing VM operation: HandshakeAllThreads (Deoptimize) done
Event: 1.416 Executing VM operation: HandshakeAllThreads (Deoptimize)
Event: 1.416 Executing VM operation: HandshakeAllThreads (Deoptimize) done
Event: 1.444 Executing VM operation: G1CollectForAllocation (G1 Evacuation Pause)
Event: 1.447 Executing VM operation: G1CollectForAllocation (G1 Evacuation Pause) done
Event: 1.452 Executing VM operation: HandshakeAllThreads (Deoptimize)
Event: 1.452 Executing VM operation: HandshakeAllThreads (Deoptimize) done
Event: 1.613 Executing VM operation: HandshakeAllThreads (Deoptimize)
Event: 1.613 Executing VM operation: HandshakeAllThreads (Deoptimize) done
Event: 1.617 Executing VM operation: HandshakeAllThreads (Deoptimize)
Event: 1.617 Executing VM operation: HandshakeAllThreads (Deoptimize) done
Event: 1.617 Executing VM operation: HandshakeAllThreads (Deoptimize)
Event: 1.617 Executing VM operation: HandshakeAllThreads (Deoptimize) done
Event: 1.620 Executing VM operation: HandshakeAllThreads (Deoptimize)
Event: 1.620 Executing VM operation: HandshakeAllThreads (Deoptimize) done
Event: 1.642 Executing VM operation: HandshakeAllThreads (Deoptimize)
Event: 1.643 Executing VM operation: HandshakeAllThreads (Deoptimize) done
Event: 1.665 Executing VM operation: G1CollectForAllocation (G1 Evacuation Pause)

Memory protections (0 events):
No events

Nmethod flushes (20 events):
Event: 1.190 Thread 0x000002222dbe0ed0 flushing  nmethod 0x00000222252f2b88
Event: 1.190 Thread 0x000002222dbe0ed0 flushing  nmethod 0x0000022225360408
Event: 1.190 Thread 0x000002222dbe0ed0 flushing  nmethod 0x0000022225360708
Event: 1.190 Thread 0x000002222dbe0ed0 flushing  nmethod 0x0000022225360a88
Event: 1.190 Thread 0x000002222dbe0ed0 flushing  nmethod 0x0000022225361288
Event: 1.190 Thread 0x000002222dbe0ed0 flushing  nmethod 0x0000022225361688
Event: 1.190 Thread 0x000002222dbe0ed0 flushing  nmethod 0x00000222253c8988
Event: 1.190 Thread 0x000002222dbe0ed0 flushing  nmethod 0x00000222253eee08
Event: 1.190 Thread 0x000002222dbe0ed0 flushing  nmethod 0x0000022225400088
Event: 1.190 Thread 0x000002222dbe0ed0 flushing  nmethod 0x000002222542fe08
Event: 1.190 Thread 0x000002222dbe0ed0 flushing  nmethod 0x00000222254df688
Event: 1.190 Thread 0x000002222dbe0ed0 flushing  nmethod 0x00000222252ed688
Event: 1.190 Thread 0x000002222dbe0ed0 flushing  nmethod 0x00000222252eea88
Event: 1.190 Thread 0x000002222dbe0ed0 flushing  nmethod 0x00000222252f0a08
Event: 1.190 Thread 0x000002222dbe0ed0 flushing  nmethod 0x0000022225316388
Event: 1.190 Thread 0x000002222dbe0ed0 flushing  nmethod 0x0000022225325d08
Event: 1.190 Thread 0x000002222dbe0ed0 flushing  nmethod 0x0000022225326308
Event: 1.190 Thread 0x000002222dbe0ed0 flushing  nmethod 0x000002222533c088
Event: 1.190 Thread 0x000002222dbe0ed0 flushing  nmethod 0x00000222253bed88
Event: 1.190 Thread 0x000002222dbe0ed0 flushing  nmethod 0x000002222545ba88

Events (20 events):
Event: 0.095 Thread 0x000002222dbf6b40 Thread added: 0x0000022272080d60
Event: 0.097 Thread 0x000002222dbf6b40 Thread added: 0x00000222720c43e0
Event: 0.098 Thread 0x000002222dbf6b40 Thread added: 0x000002222dc2b850
Event: 0.142 Thread 0x000002221c79bac0 Thread added: 0x00000222721c35c0
Event: 0.217 Thread 0x000002221c79bac0 Thread added: 0x000002227262f950
Event: 0.217 Thread 0x000002221c79bac0 Thread added: 0x0000022272630090
Event: 0.372 Thread 0x000002221c79bac0 Thread added: 0x000002227703c040
Event: 0.403 Thread 0x000002227703c040 Thread added: 0x00000222770857a0
Event: 0.414 Thread 0x00000222770857a0 Thread added: 0x000002227707aa10
Event: 0.419 Thread 0x00000222770857a0 Thread added: 0x000002227706f5a0
Event: 0.840 Thread 0x000002221c79bac0 Thread added: 0x00000222775139e0
Event: 0.877 Thread 0x000002222dc2b850 Thread added: 0x000002227763a0f0
Event: 0.878 Thread 0x000002222dc2b850 Thread added: 0x0000022277819d30
Event: 0.878 Thread 0x000002222dc2b850 Thread added: 0x000002227775ef10
Event: 0.879 Thread 0x000002222dc2b850 Thread added: 0x0000022277833160
Event: 1.136 Thread 0x000002221c79bac0 Thread added: 0x000002227791ea40
Event: 1.163 Thread 0x000002227791ea40 Thread exited: 0x000002227791ea40
Event: 1.236 Thread 0x00000222770857a0 Thread added: 0x000002227791c5b0
Event: 1.244 Thread 0x000002227791c5b0 Thread exited: 0x000002227791c5b0
Event: 1.354 Thread 0x00000222775139e0 Thread exited: 0x00000222775139e0


Dynamic libraries:
0x00007ff713c10000 - 0x00007ff713c1e000 	C:\Users\Poojani\.jdks\openjdk-24.0.1\bin\java.exe
0x00007ffc53bc0000 - 0x00007ffc53e28000 	C:\WINDOWS\SYSTEM32\ntdll.dll
0x00007ffc38d20000 - 0x00007ffc38d41000 	C:\Program Files\Avast Software\Avast\aswhook.dll
0x00007ffc52790000 - 0x00007ffc52859000 	C:\WINDOWS\System32\KERNEL32.DLL
0x00007ffc51360000 - 0x00007ffc5174d000 	C:\WINDOWS\System32\KERNELBASE.dll
0x00007ffc51810000 - 0x00007ffc5195b000 	C:\WINDOWS\System32\ucrtbase.dll
0x00007ffc354d0000 - 0x00007ffc354eb000 	C:\Users\Poojani\.jdks\openjdk-24.0.1\bin\VCRUNTIME140.dll
0x00007ffc3b2e0000 - 0x00007ffc3b2f6000 	C:\Users\Poojani\.jdks\openjdk-24.0.1\bin\jli.dll
0x00007ffc52860000 - 0x00007ffc52a2c000 	C:\WINDOWS\System32\USER32.dll
0x00007ffc2bec0000 - 0x00007ffc2c15a000 	C:\WINDOWS\WinSxS\amd64_microsoft.windows.common-controls_6595b64144ccf1df_6.0.26100.4484_none_3e0e6d4ce32ef3b3\COMCTL32.dll
0x00007ffc517e0000 - 0x00007ffc51807000 	C:\WINDOWS\System32\win32u.dll
0x00007ffc522a0000 - 0x00007ffc52349000 	C:\WINDOWS\System32\msvcrt.dll
0x00007ffc53580000 - 0x00007ffc535ab000 	C:\WINDOWS\System32\GDI32.dll
0x00007ffc51220000 - 0x00007ffc51357000 	C:\WINDOWS\System32\gdi32full.dll
0x00007ffc50d10000 - 0x00007ffc50db3000 	C:\WINDOWS\System32\msvcp_win.dll
0x00007ffc53b40000 - 0x00007ffc53b6f000 	C:\WINDOWS\System32\IMM32.DLL
0x00007ffc34f30000 - 0x00007ffc34f3c000 	C:\Users\Poojani\.jdks\openjdk-24.0.1\bin\vcruntime140_1.dll
0x00007ffbf0a50000 - 0x00007ffbf0ade000 	C:\Users\Poojani\.jdks\openjdk-24.0.1\bin\msvcp140.dll
0x00007ffbd4a60000 - 0x00007ffbd5802000 	C:\Users\Poojani\.jdks\openjdk-24.0.1\bin\server\jvm.dll
0x00007ffc52ab0000 - 0x00007ffc52b64000 	C:\WINDOWS\System32\ADVAPI32.dll
0x00007ffc52510000 - 0x00007ffc525b6000 	C:\WINDOWS\System32\sechost.dll
0x00007ffc53460000 - 0x00007ffc53578000 	C:\WINDOWS\System32\RPCRT4.dll
0x00007ffc52a30000 - 0x00007ffc52aa4000 	C:\WINDOWS\System32\WS2_32.dll
0x00007ffc44d90000 - 0x00007ffc44d9b000 	C:\WINDOWS\SYSTEM32\VERSION.dll
0x00007ffc445a0000 - 0x00007ffc445d5000 	C:\WINDOWS\SYSTEM32\WINMM.dll
0x00007ffc504f0000 - 0x00007ffc5054e000 	C:\WINDOWS\SYSTEM32\POWRPROF.dll
0x00007ffc504d0000 - 0x00007ffc504e4000 	C:\WINDOWS\SYSTEM32\UMPDC.dll
0x00007ffc4fab0000 - 0x00007ffc4facb000 	C:\WINDOWS\SYSTEM32\kernel.appcore.dll
0x00007ffc34f20000 - 0x00007ffc34f2a000 	C:\Users\Poojani\.jdks\openjdk-24.0.1\bin\jimage.dll
0x00007ffc4e470000 - 0x00007ffc4e6b1000 	C:\WINDOWS\SYSTEM32\DBGHELP.DLL
0x00007ffc530c0000 - 0x00007ffc53446000 	C:\WINDOWS\System32\combase.dll
0x00007ffc53a50000 - 0x00007ffc53b30000 	C:\WINDOWS\System32\OLEAUT32.dll
0x00007ffc3d4c0000 - 0x00007ffc3d503000 	C:\WINDOWS\SYSTEM32\dbgcore.DLL
0x00007ffc50dc0000 - 0x00007ffc50e59000 	C:\WINDOWS\System32\bcryptPrimitives.dll
0x00007ffc2d6a0000 - 0x00007ffc2d6af000 	C:\Users\Poojani\.jdks\openjdk-24.0.1\bin\instrument.dll
0x00007ffc1cbb0000 - 0x00007ffc1cbce000 	C:\Users\Poojani\.jdks\openjdk-24.0.1\bin\java.dll
0x00007ffc52e90000 - 0x00007ffc5302e000 	C:\WINDOWS\System32\ole32.dll
0x00007ffc51960000 - 0x00007ffc520aa000 	C:\WINDOWS\System32\SHELL32.dll
0x00007ffc50fe0000 - 0x00007ffc51154000 	C:\WINDOWS\System32\wintypes.dll
0x00007ffc4e930000 - 0x00007ffc4f18b000 	C:\WINDOWS\SYSTEM32\windows.storage.dll
0x00007ffc52350000 - 0x00007ffc52445000 	C:\WINDOWS\System32\SHCORE.dll
0x00007ffc52650000 - 0x00007ffc526ba000 	C:\WINDOWS\System32\shlwapi.dll
0x00007ffc50c20000 - 0x00007ffc50c4f000 	C:\WINDOWS\SYSTEM32\profapi.dll
0x00007ffc0c2c0000 - 0x00007ffc0c2d7000 	C:\Users\Poojani\.jdks\openjdk-24.0.1\bin\zip.dll
0x00007ffc34f10000 - 0x00007ffc34f20000 	C:\Users\Poojani\.jdks\openjdk-24.0.1\bin\net.dll
0x00007ffc50040000 - 0x00007ffc500aa000 	C:\WINDOWS\system32\mswsock.dll
0x00007ffc0c2e0000 - 0x00007ffc0c2f6000 	C:\Users\Poojani\.jdks\openjdk-24.0.1\bin\nio.dll
0x00007ffc4f5b0000 - 0x00007ffc4f6d6000 	C:\WINDOWS\SYSTEM32\DNSAPI.dll
0x00007ffc4f570000 - 0x00007ffc4f5a3000 	C:\WINDOWS\SYSTEM32\IPHLPAPI.DLL
0x00007ffc52290000 - 0x00007ffc5229a000 	C:\WINDOWS\System32\NSI.dll
0x00007ffc32a00000 - 0x00007ffc32a09000 	C:\Users\Poojani\.jdks\openjdk-24.0.1\bin\extnet.dll
0x00007ffc45be0000 - 0x00007ffc45beb000 	C:\Windows\System32\rasadhlp.dll
0x00007ffc47970000 - 0x00007ffc479f6000 	C:\WINDOWS\System32\fwpuclnt.dll
0x00007ffc0d9d0000 - 0x00007ffc0d9da000 	C:\Users\Poojani\.jdks\openjdk-24.0.1\bin\management.dll
0x00007ffc0c280000 - 0x00007ffc0c28b000 	C:\Users\Poojani\.jdks\openjdk-24.0.1\bin\management_ext.dll
0x00007ffc53a40000 - 0x00007ffc53a48000 	C:\WINDOWS\System32\PSAPI.DLL
0x00007ffc50360000 - 0x00007ffc5037b000 	C:\WINDOWS\SYSTEM32\CRYPTSP.dll
0x00007ffc4fa10000 - 0x00007ffc4fa4b000 	C:\WINDOWS\system32\rsaenh.dll
0x00007ffc500e0000 - 0x00007ffc5010b000 	C:\WINDOWS\SYSTEM32\USERENV.dll
0x00007ffc50bf0000 - 0x00007ffc50c16000 	C:\WINDOWS\SYSTEM32\bcrypt.dll
0x00007ffc50380000 - 0x00007ffc5038c000 	C:\WINDOWS\SYSTEM32\CRYPTBASE.dll
0x00007ffc1c930000 - 0x00007ffc1c948000 	C:\WINDOWS\system32\napinsp.dll
0x00007ffc1c910000 - 0x00007ffc1c922000 	C:\WINDOWS\System32\winrnr.dll
0x00007ffc1c8d0000 - 0x00007ffc1c900000 	C:\WINDOWS\system32\nlansp_c.dll
0x00007ffc45bf0000 - 0x00007ffc45c10000 	C:\WINDOWS\system32\wshbth.dll
0x00007ffc39b90000 - 0x00007ffc39bde000 	C:\WINDOWS\SYSTEM32\pdh.dll
0x00007ffc08070000 - 0x00007ffc08082000 	C:\WINDOWS\System32\perfproc.dll
0x00007ffc2fe10000 - 0x00007ffc2fe1e000 	C:\Users\Poojani\.jdks\openjdk-24.0.1\bin\sunmscapi.dll
0x00007ffc50e60000 - 0x00007ffc50fd7000 	C:\WINDOWS\System32\CRYPT32.dll
0x00007ffc50630000 - 0x00007ffc50660000 	C:\WINDOWS\SYSTEM32\ncrypt.dll
0x00007ffc505e0000 - 0x00007ffc5061f000 	C:\WINDOWS\SYSTEM32\NTASN1.dll
0x00007ffc07f00000 - 0x00007ffc07f11000 	C:\WINDOWS\System32\perfos.dll
0x00007ffc4f1b0000 - 0x00007ffc4f1c2000 	C:\WINDOWS\SYSTEM32\pfclient.dll

JVMTI agents:
C:\Program Files\JetBrains\IntelliJ IDEA 2025.1.1.1\lib\idea_rt.jar path:C:\Users\Poojani\.jdks\openjdk-24.0.1\bin\instrument.dll, loaded, initialized, instrumentlib options:53804

dbghelp: loaded successfully - version: 4.0.5 - missing functions: none
symbol engine: initialized successfully - sym options: 0x614 - pdb path: .;C:\Users\Poojani\.jdks\openjdk-24.0.1\bin;C:\WINDOWS\SYSTEM32;C:\Program Files\Avast Software\Avast;C:\WINDOWS\WinSxS\amd64_microsoft.windows.common-controls_6595b64144ccf1df_6.0.26100.4484_none_3e0e6d4ce32ef3b3;C:\Users\Poojani\.jdks\openjdk-24.0.1\bin\server

VM Arguments:
jvm_args: -XX:TieredStopAtLevel=1 -Dspring.output.ansi.enabled=always -Dcom.sun.management.jmxremote -Dspring.jmx.enabled=true -Dspring.liveBeansView.mbeanDomain -Dspring.application.admin.enabled=true -Dmanagement.endpoints.jmx.exposure.include=* -javaagent:C:\Program Files\JetBrains\IntelliJ IDEA 2025.1.1.1\lib\idea_rt.jar=53804 -Dfile.encoding=UTF-8 -Dsun.stdout.encoding=UTF-8 -Dsun.stderr.encoding=UTF-8 
java_command: com.ridelink.ridemanagementservice.RideManagementServiceApplication
java_class_path (initial): C:\Users\Poojani\Downloads\Ridelink\ride-management-service\target\classes;C:\Users\Poojani\.m2\repository\org\springframework\boot\spring-boot-starter-webmvc\4.1.1\spring-boot-starter-webmvc-4.1.1.jar;C:\Users\Poojani\.m2\repository\org\springframework\boot\spring-boot-starter\4.1.1\spring-boot-starter-4.1.1.jar;C:\Users\Poojani\.m2\repository\org\springframework\boot\spring-boot-starter-logging\4.1.1\spring-boot-starter-logging-4.1.1.jar;C:\Users\Poojani\.m2\repository\ch\qos\logback\logback-classic\1.5.38\logback-classic-1.5.38.jar;C:\Users\Poojani\.m2\repository\ch\qos\logback\logback-core\1.5.38\logback-core-1.5.38.jar;C:\Users\Poojani\.m2\repository\org\apache\logging\log4j\log4j-to-slf4j\2.25.5\log4j-to-slf4j-2.25.5.jar;C:\Users\Poojani\.m2\repository\org\apache\logging\log4j\log4j-api\2.25.5\log4j-api-2.25.5.jar;C:\Users\Poojani\.m2\repository\org\slf4j\jul-to-slf4j\2.0.18\jul-to-slf4j-2.0.18.jar;C:\Users\Poojani\.m2\repository\org\springframework\boot\spring-boot-autoconfigure\4.1.1\spring-boot-autoconfigure-4.1.1.jar;C:\Users\Poojani\.m2\repository\jakarta\annotation\jakarta.annotation-api\3.0.0\jakarta.annotation-api-3.0.0.jar;C:\Users\Poojani\.m2\repository\org\yaml\snakeyaml\2.6\snakeyaml-2.6.jar;C:\Users\Poojani\.m2\repository\org\springframework\boot\spring-boot-starter-jackson\4.1.1\spring-boot-starter-jackson-4.1.1.jar;C:\Users\Poojani\.m2\repository\org\springframework\boot\spring-boot-jackson\4.1.1\spring-boot-jackson-4.1.1.jar;C:\Users\Poojani\.m2\repository\tools\jackson\core\jackson-databind\3.1.5\jackson-databind-3.1.5.jar;C:\Users\Poojani\.m2\repository\tools\jackson\core\jackson-core\3.1.5\jackson-core-3.1.5.jar;C:\Users\Poojani\.m2\repository\org\springframework\boot\spring-boot-starter-tomcat\4.1.1\spring-boot-starter-tomcat-4.1.1.jar;C:\Users\Poojani\.m2\repository\org\springframework\boot\spring-boot-starter-tomcat-runtime\4.1.1\spring-boot-starter-tomcat-runtime-4.1.1.jar;C:\Users\Poojani\.m2\repository\org\springframework\boot\spring-boot-web-server\4.1.1\spring-boot-web-server-4.1.1.jar;C:\Users\Poojani\.m2\repository\org\apache\tomcat\embed\tomcat-embed-core\11.0.24\tomcat-embed-core-11.0.24.jar;C:\Users\Poojani\.m2\repository\org\apache\tomcat\embed\tomcat-embed-websocket\11.0.24\tomcat-embed-websocket-11.0.24.jar;C:\Users\Poojani\.m2\repository\org\springframework\boot\spring-boot-tomcat\4.1.1\spring-boot-tomcat-4.1.1.jar;C:\Users\Poojani\.m2\repository\org\springframework\boot\spring-boot-http-converter\4.1.1\spring-boot-http-converter-4.1.1.jar;C:\Users\Poojani\.m2\repository\org\springframework\boot\spring-boot\4.1.1\spring-boot-4.1.1.jar;C:\Users\Poojani\.m2\repository\org\springframework\spring-context\7.0.9\spring-context-7.0.9.jar;C:\Users\Poojani\.m2\repository\org\springframework\spring-web\7.0.9\spring-web-7.0.9.jar;C:\Users\Poojani\.m2\repository\org\springframework\boot\spring-boot-webmvc\4.1.1\spring-boot-webmvc-4.1.1.jar;C:\Users\Poojani\.m2\repository\org\springframework\boot\spring-boot-servlet\4.1.1\spring-boot-servlet-4.1.1.jar;C:\Users\Poojani\.m2\repository\org\springframework\spring-webmvc\7.0.9\spring-webmvc-7.0.9.jar;C:\Users\Poojani\.m2\repository\org\springframework\spring-expression\7.0.9\spring-expression-7.0.9.jar;C:\Users\Poojani\.m2\repository\org\springframework\boot\spring-boot-starter-data-mongodb\4.1.1\spring-boot-starter-data-mongodb-4.1.1.jar;C:\Users\Poojani\.m2\repository\org\springframework\boot\spring-boot-starter-mongodb\4.1.1\spring-boot-starter-mongodb-4.1.1.jar;C:\Users\Poojani\.m2\repository\org\springframework\boot\spring-boot-mongodb\4.1.1\spring-boot-mongodb-4.1.1.jar;C:\Users\Poojani\.m2\repository\org\mongodb\mongodb-driver-sync\5.8.1\mongodb-driver-sync-5.8.1.jar;C:\Users\Poojani\.m2\repository\org\mongodb\bson\5.8.1\bson-5.8.1.jar;C:\Users\Poojani\.m2\repository\org\mongodb\mongodb-driver-core\5.8.1\mongodb-driver-core-5.8.1.jar;C:\Users\Poojani\.m2\repository\org\mongodb\bson-record-codec\5.8.1\bson-record-codec-5.8.1.jar;C:\Users\Poojani\.m2\repository\org\springframework\boot\spring-boot-data-mongodb\4.1.1\spring-boot-data-mongodb-4.1.1.jar;C:\Users\Poojani\.m2\repository\org\springframework\boot\spring-boot-data-commons\4.1.1\spring-boot-data-commons-4.1.1.jar;C:\Users\Poojani\.m2\repository\org\springframework\boot\spring-boot-persistence\4.1.1\spring-boot-persistence-4.1.1.jar;C:\Users\Poojani\.m2\repository\org\springframework\data\spring-data-commons\4.1.1\spring-data-commons-4.1.1.jar;C:\Users\Poojani\.m2\repository\org\springframework\boot\spring-boot-transaction\4.1.1\spring-boot-transaction-4.1.1.jar;C:\Users\Poojani\.m2\repository\org\springframework\spring-tx\7.0.9\spring-tx-7.0.9.jar;C:\Users\Poojani\.m2\repository\org\springframework\data\spring-data-mongodb\5.1.1\spring-data-mongodb-5.1.1.jar;C:\Users\Poojani\.m2\repository\org\springframework\boot\spring-boot-starter-security\4.1.1\spring-boot-starter-security-4.1.1.jar;C:\Users\Poojani\.m2\repository\org\springframework\boot\spring-boot-security\4.1.1\spring-boot-security-4.1.1.jar;C:\Users\Poojani\.m2\repository\org\springframework\security\spring-security-config\7.1.1\spring-security-config-7.1.1.jar;C:\Users\Poojani\.m2\repository\org\springframework\security\spring-security-core\7.1.1\spring-security-core-7.1.1.jar;C:\Users\Poojani\.m2\repository\org\springframework\security\spring-security-crypto\7.1.1\spring-security-crypto-7.1.1.jar;C:\Users\Poojani\.m2\repository\org\springframework\security\spring-security-web\7.1.1\spring-security-web-7.1.1.jar;C:\Users\Poojani\.m2\repository\org\springframework\spring-aop\7.0.9\spring-aop-7.0.9.jar;C:\Users\Poojani\.m2\repository\org\springframework\spring-beans\7.0.9\spring-beans-7.0.9.jar;C:\Users\Poojani\.m2\repository\org\springframework\boot\spring-boot-starter-validation\4.1.1\spring-boot-starter-validation-4.1.1.jar;C:\Users\Poojani\.m2\repository\org\springframework\boot\spring-boot-validation\4.1.1\spring-boot-validation-4.1.1.jar;C:\Users\Poojani\.m2\repository\org\apache\tomcat\embed\tomcat-embed-el\11.0.24\tomcat-embed-el-11.0.24.jar;C:\Users\Poojani\.m2\repository\org\hibernate\validator\hibernate-validator\9.1.3.Final\hibernate-validator-9.1.3.Final.jar;C:\Users\Poojani\.m2\repository\jakarta\validation\jakarta.validation-api\3.1.1\jakarta.validation-api-3.1.1.jar;C:\Users\Poojani\.m2\repository\org\jboss\logging\jboss-logging\3.6.3.Final\jboss-logging-3.6.3.Final.jar;C:\Users\Poojani\.m2\repository\com\fasterxml\classmate\1.7.3\classmate-1.7.3.jar;C:\Users\Poojani\.m2\repository\org\springframework\boot\spring-boot-starter-actuator\4.1.1\spring-boot-starter-actuator-4.1.1.jar;C:\Users\Poojani\.m2\repository\org\springframework\boot\spring-boot-starter-micrometer-metrics\4.1.1\spring-boot-starter-micrometer-metrics-4.1.1.jar;C:\Users\Poojani\.m2\repository\org\springframework\boot\spring-boot-micrometer-metrics\4.1.1\spring-boot-micrometer-metrics-4.1.1.jar;C:\Users\Poojani\.m2\repository\org\springframework\boot\spring-boot-micrometer-observation\4.1.1\spring-boot-micrometer-observation-4.1.1.jar;C:\Users\Poojani\.m2\repository\org\springframework\boot\spring-boot-actuator-autoconfigure\4.1.1\spring-boot-actuator-autoconfigure-4.1.1.jar;C:\Users\Poojani\.m2\repository\org\springframework\boot\spring-boot-actuator\4.1.1\spring-boot-actuator-4.1.1.jar;C:\Users\Poojani\.m2\repository\org\springframework\boot\spring-boot-health\4.1.1\spring-boot-health-4.1.1.jar;C:\Users\Poojani\.m2\repository\io\micrometer\micrometer-observation\1.17.1\micrometer-observation-1.17.1.jar;C:\Users\Poojani\.m2\repository\org\jspecify\jspecify\1.0.1\jspecify-1.0.1.jar;C:\Users\Poojani\.m2\repository\io\micrometer\micrometer-commons\1.17.1\micrometer-commons-1.17.1.jar;C:\Users\Poojani\.m2\repository\io\micrometer\micrometer-jakarta9\1.17.1\micrometer-jakarta9-1.17.1.jar;C:\Users\Poojani\.m2\repository\io\micrometer\micrometer-core\1.17.1\micrometer-core-1.17.1.jar;C:\Users\Poojani\.m2\repository\org\hdrhistogram\HdrHistogram\2.2.2\HdrHistogram-2.2.2.jar;C:\Users\Poojani\.m2\repository\io\jsonwebtoken\jjwt-api\0.13.0\jjwt-api-0.13.0.jar;C:\Users\Poojani\.m2\repository\io\jsonwebtoken\jjwt-impl\0.13.0\jjwt-impl-0.13.0.jar;C:\Users\Poojani\.m2\repository\io\jsonwebtoken\jjwt-jackson\0.13.0\jjwt-jackson-0.13.0.jar;C:\Users\Poojani\.m2\repository\com\fasterxml\jackson\core\jackson-databind\2.21.5\jackson-databind-2.21.5.jar;C:\Users\Poojani\.m2\repository\com\fasterxml\jackson\core\jackson-annotations\2.21\jackson-annotations-2.21.jar;C:\Users\Poojani\.m2\repository\com\fasterxml\jackson\core\jackson-core\2.21.5\jackson-core-2.21.5.jar;C:\Users\Poojani\.m2\repository\org\springdoc\springdoc-openapi-starter-webmvc-ui\2.2.0\springdoc-openapi-starter-webmvc-ui-2.2.0.jar;C:\Users\Poojani\.m2\repository\org\springdoc\springdoc-openapi-starter-webmvc-api\2.2.0\springdoc-openapi-starter-webmvc-api-2.2.0.jar;C:\Users\Poojani\.m2\repository\org\springdoc\springdoc-openapi-starter-common\2.2.0\springdoc-openapi-starter-common-2.2.0.jar;C:\Users\Poojani\.m2\repository\io\swagger\core\v3\swagger-core-jakarta\2.2.15\swagger-core-jakarta-2.2.15.jar;C:\Users\Poojani\.m2\repository\org\apache\commons\commons-lang3\3.20.0\commons-lang3-3.20.0.jar;C:\Users\Poojani\.m2\repository\io\swagger\core\v3\swagger-annotations-jakarta\2.2.15\swagger-annotations-jakarta-2.2.15.jar;C:\Users\Poojani\.m2\repository\io\swagger\core\v3\swagger-models-jakarta\2.2.15\swagger-models-jakarta-2.2.15.jar;C:\Users\Poojani\.m2\repository\com\fasterxml\jackson\dataformat\jackson-dataformat-yaml\2.21.5\jackson-dataformat-yaml-2.21.5.jar;C:\Users\Poojani\.m2\repository\com\fasterxml\jackson\datatype\jackson-datatype-jsr310\2.21.5\jackson-datatype-jsr310-2.21.5.jar;C:\Users\Poojani\.m2\repository\org\webjars\swagger-ui\5.2.0\swagger-ui-5.2.0.jar;C:\Users\Poojani\.m2\repository\org\projectlombok\lombok\1.18.46\lombok-1.18.46.jar;C:\Users\Poojani\.m2\repository\org\slf4j\slf4j-api\2.0.18\slf4j-api-2.0.18.jar;C:\Users\Poojani\.m2\repository\jakarta\xml\bind\jakarta.xml.bind-api\4.0.5\jakarta.xml.bind-api-4.0.5.jar;C:\Users\Poojani\.m2\repository\jakarta\activation\jakarta.activation-api\2.1.4\jakarta.activation-api-2.1.4.jar;C:\Users\Poojani\.m2\repository\org\springframework\spring-core\7.0.9\spring-core-7.0.9.jar;C:\Users\Poojani\.m2\repository\commons-logging\commons-logging\1.3.6\commons-logging-1.3.6.jar
Launcher Type: SUN_STANDARD

[Global flags]
     intx CICompilerCount                          = 12                                        {product} {ergonomic}
     uint ConcGCThreads                            = 4                                         {product} {ergonomic}
     uint G1ConcRefinementThreads                  = 15                                        {product} {ergonomic}
   size_t G1HeapRegionSize                         = 2097152                                   {product} {ergonomic}
   size_t InitialHeapSize                          = 264241152                                 {product} {ergonomic}
     bool ManagementServer                         = true                                      {product} {command line}
   size_t MarkStackSize                            = 4194304                                   {product} {ergonomic}
   size_t MarkStackSizeMax                         = 536870912                                 {product} {ergonomic}
   size_t MaxHeapSize                              = 4202692608                                {product} {ergonomic}
   size_t MaxNewSize                               = 2520776704                                {product} {ergonomic}
   size_t MinHeapDeltaBytes                        = 2097152                                   {product} {ergonomic}
   size_t MinHeapSize                              = 8388608                                   {product} {ergonomic}
    uintx NonNMethodCodeHeapSize                   = 4096                                   {pd product} {ergonomic}
    uintx NonProfiledCodeHeapSize                  = 0                                      {pd product} {ergonomic}
     bool ProfileInterpreter                       = false                                  {pd product} {command line}
    uintx ProfiledCodeHeapSize                     = 0                                      {pd product} {ergonomic}
   size_t SoftMaxHeapSize                          = 4202692608                             {manageable} {ergonomic}
     intx TieredStopAtLevel                        = 1                                         {product} {command line}
     bool UseCompressedOops                        = true                           {product lp64_product} {ergonomic}
     bool UseG1GC                                  = true                                      {product} {ergonomic}
     bool UseLargePagesIndividualAllocation        = false                                  {pd product} {ergonomic}

Logging:
Log output configuration:
 #0: stdout all=warning uptime,level,tags foldmultilines=false
 #1: stderr all=off uptime,level,tags foldmultilines=false

Environment Variables:
JAVA_HOME=C:\Program Files\Java\jdk-22
PATH=C:\Program Files\Common Files\Oracle\Java\javapath;C:\windows\system32;C:\windows;C:\windows\System32\Wbem;C:\windows\System32\WindowsPowerShell\v1.0\;C:\windows\System32\OpenSSH\;C:\Program Files (x86)\NVIDIA Corporation\PhysX\Common;C:\Program Files\NVIDIA Corporation\NVIDIA NvDLISR;C:\Users\Administrator\AppData\Local\Microsoft\WindowsApps;C:\Program Files\HP\OMEN-Broadcast\Common;C:\Program Files\Java\jdk-22\bin;C:\WINDOWS\system32;C:\WINDOWS;C:\WINDOWS\System32\Wbem;C:\WINDOWS\System32\WindowsPowerShell\v1.0\;C:\WINDOWS\System32\OpenSSH\;C:\Program Files\Git\cmd;C:\Program Files (x86)\Microsoft SQL Server\160\DTS\Binn\;C:\Program Files (x86)\Microsoft SQL Server\160\Tools\Binn\;C:\Program Files\Microsoft SQL Server\160\Tools\Binn\;C:\Program Files\Microsoft SQL Server\Client SDK\ODBC\170\Tools\Binn\;C:\Program Files\Microsoft SQL Server\160\DTS\Binn\;C:\Program Files\cursor\resources\app\bin;C:\Program Files (x86)\Microsoft SQL Server\150\Tools\Binn\;C:\Program Files\Microsoft SQL Server\150\Tools\Binn\;C:\Program Files\Microsoft SQL Server\150\DTS\Binn\;C:\Users\Poojani\AppData\Local\nvm;C:\nvm4w\nodejs;C:\Program Files\MongoDB\Server\8.2\bin;C:\Program Files\GitHub CLI\;C:\Program Files\Tailscale\;C:\Program Files\Common Files\Oracle\Java\javapath;C:\windows\system32;C:\windows;C:\windows\System32\Wbem;C:\windows\System32\WindowsPowerShell\v1.0\;C:\windows\System32\OpenSSH\;C:\Program Files (x86)\NVIDIA Corporation\PhysX\Common;C:\Program Files\NVIDIA Corporation\NVIDIA NvDLISR;C:\Users\Administrator\AppData\Local\Microsoft\WindowsApps;C:\Program Files\HP\OMEN-Broadcast\Common;C:\Program Files\Java\jdk-22\bin;C:\WINDOWS\system32;C:\WINDOWS;C:\WINDOWS\System32\Wbem;C:\WINDOWS\System32\WindowsPowerShell\v1.0\;C:\WINDOWS\System32\OpenSSH\;C:\Program Files\Git\cmd;C:\Program Files (x86)\Microsoft SQL Server\160\DTS\Binn\;C:\Program Files (x86)\Microsoft SQL Server\160\Tools\Binn\;C:\Program Files\Microsoft SQL Server\160\Tools\Binn\;C:\Program Files\Microsoft SQL Server\Client SDK\ODBC\170\Tools\Binn\;C:\Program Files\Microsoft SQL Server\160\DTS\Binn\;C:\Program Files\cursor\resources\app\bin;C:\Program Files (x86)\Microsoft SQL Server\150\Tools\Binn\;C:\Program Files\Microsoft SQL Server\150\Tools\Binn\;C:\Program Files\Microsoft SQL Server\150\DTS\Binn\;C:\Users\Poojani\AppData\Local\nvm;C:\nvm4w\nodejs;C:\Program Files\MongoDB\Server\8.2\bin;C:\Program Files\GitHub CLI\;C:\Program Files\Tailscale\;C:\Users\Poojani\maven\apache-maven-3.9.6\bin;C:\Users\Poojani\AppData\Local\nvm;C:\nvm4w\nodejs;C:\Users\Poojani\AppData\Local\Programs\Microsoft VS Code\bin;C:\Users\Poojani\AppData\Local\Programs\Antigravity\bin
USERNAME=Poojani
OS=Windows_NT
PROCESSOR_IDENTIFIER=Intel64 Family 6 Model 186 Stepping 2, GenuineIntel
TMP=C:\Users\Poojani\AppData\Local\Temp
TEMP=C:\Users\Poojani\AppData\Local\Temp




Periodic native trim disabled

---------------  S Y S T E M  ---------------

OS:
 Windows 11 , 64 bit Build 26100 (10.0.26100.4484)
OS uptime: 11 days 2:21 hours
Hyper-V role detected

CPU: total 20 (initial active 20) (10 cores per cpu, 2 threads per core) family 6 model 186 stepping 2 microcode 0x4122, cx8, cmov, fxsr, ht, mmx, 3dnowpref, sse, sse2, sse3, ssse3, sse4.1, sse4.2, popcnt, lzcnt, tsc, tscinvbit, avx, avx2, aes, erms, clmul, bmi1, bmi2, adx, sha, fma, vzeroupper, clflush, clflushopt, clwb, hv, serialize, rdtscp, rdpid, fsrm, gfni, f16c, cet_ibt, cet_ss
Processor Information for processor 0
  Max Mhz: 2400, Current Mhz: 2400, Mhz Limit: 2400
Processor Information for processor 1
  Max Mhz: 2400, Current Mhz: 2400, Mhz Limit: 2400
Processor Information for processor 2
  Max Mhz: 2400, Current Mhz: 2400, Mhz Limit: 2400
Processor Information for processor 3
  Max Mhz: 2400, Current Mhz: 2400, Mhz Limit: 2400
Processor Information for processor 4
  Max Mhz: 2400, Current Mhz: 2400, Mhz Limit: 2400
Processor Information for processor 5
  Max Mhz: 2400, Current Mhz: 2400, Mhz Limit: 2400
Processor Information for processor 6
  Max Mhz: 2400, Current Mhz: 2400, Mhz Limit: 2400
Processor Information for processor 7
  Max Mhz: 2400, Current Mhz: 2400, Mhz Limit: 2400
Processor Information for processor 8
  Max Mhz: 2400, Current Mhz: 2400, Mhz Limit: 2400
Processor Information for processor 9
  Max Mhz: 2400, Current Mhz: 2400, Mhz Limit: 2400
Processor Information for processor 10
  Max Mhz: 2400, Current Mhz: 2400, Mhz Limit: 2400
Processor Information for processor 11
  Max Mhz: 2400, Current Mhz: 2400, Mhz Limit: 2400
Processor Information for processor 12
  Max Mhz: 2400, Current Mhz: 1466, Mhz Limit: 2400
Processor Information for processor 13
  Max Mhz: 2400, Current Mhz: 1466, Mhz Limit: 2400
Processor Information for processor 14
  Max Mhz: 2400, Current Mhz: 1466, Mhz Limit: 2400
Processor Information for processor 15
  Max Mhz: 2400, Current Mhz: 2400, Mhz Limit: 2400
Processor Information for processor 16
  Max Mhz: 2400, Current Mhz: 1466, Mhz Limit: 2400
Processor Information for processor 17
  Max Mhz: 2400, Current Mhz: 1466, Mhz Limit: 2400
Processor Information for processor 18
  Max Mhz: 2400, Current Mhz: 2400, Mhz Limit: 2400
Processor Information for processor 19
  Max Mhz: 2400, Current Mhz: 1466, Mhz Limit: 2400

Memory: 4k page, system-wide physical 16024M (1203M free)
TotalPageFile size 25150M (AvailPageFile size 74M)
current process WorkingSet (physical memory assigned to process): 160M, peak: 160M
current process commit charge ("private bytes"): 216M, peak: 391M

vm_info: OpenJDK 64-Bit Server VM (24.0.1+9-30) for windows-amd64 JRE (24.0.1+9-30), built on 2025-03-05T07:23:45Z with MS VC++ 17.6 (VS2022)

END.
